[0;38;5;208m[38;5;38marray:2[0;38;5;208m [[m
  [0;38;5;208m"[38;5;113ma[0;38;5;208m" => [1;38;5;38m1[0;38;5;208m[m
  [0;38;5;208m"[38;5;113mb[0;38;5;208m" => [1;38;5;38m2[0;38;5;208m[m
[0;38;5;208m][m
