[0;38;5;208m"[1;38;5;113mtest[0;38;5;208m"[m

[0;38;5;208m"[1;38;5;113mtest2[0;38;5;208m"[m

[0;38;5;208m[38;5;38marray:1[0;38;5;208m [[m
  [0;38;5;208m[38;5;38m0[0;38;5;208m => "[1;38;5;113mtest3[0;38;5;208m"[m
[0;38;5;208m][m

[0;38;5;208m[38;5;38marray:1[0;38;5;208m [[m
  [0;38;5;208m[38;5;38m0[0;38;5;208m => "[1;38;5;113mtest4[0;38;5;208m"[m
[0;38;5;208m][m
